2023-09-19 16:51:03 [INFO] User login successful
2024-04-27 16:51:03 [WARNING] Timeout occurred while processing request
2024-06-08 16:51:03 [ERROR] Timeout occurred while processing request
2024-06-09 16:51:03 [DEBUG] System started successfully
2023-09-07 16:51:03 [INFO] User logged out
2024-08-05 16:51:03 [DEBUG] User login successful
2024-03-29 16:51:03 [ERROR] System started successfully
2023-11-03 16:51:03 [INFO] Timeout occurred while processing request
2023-12-04 16:51:03 [WARNING] User logged out
2023-09-09 16:51:03 [WARNING] Disk space running low
2024-07-28 16:51:03 [INFO] User logged out
2024-01-25 16:51:03 [DEBUG] Failed to connect to the database
2024-05-06 16:51:03 [WARNING] Failed to connect to the database
2023-08-30 16:51:03 [WARNING] Disk space running low
2024-01-01 16:51:03 [WARNING] Failed to connect to the database
2023-09-06 16:51:03 [ERROR] User logged out
2024-01-13 16:51:03 [INFO] Failed to connect to the database
2024-08-17 16:51:03 [ERROR] Failed to connect to the database
2024-05-10 16:51:03 [INFO] Disk space running low
2024-05-26 16:51:03 [WARNING] Failed to connect to the database
2023-09-28 16:51:03 [WARNING] System started successfully
2023-11-29 16:51:03 [WARNING] Timeout occurred while processing request
2024-05-09 16:51:03 [DEBUG] Disk space running low
2023-12-18 16:51:03 [WARNING] Timeout occurred while processing request
2024-03-20 16:51:03 [DEBUG] System started successfully
2023-12-11 16:51:03 [DEBUG] User logged out
2023-09-01 16:51:03 [ERROR] Timeout occurred while processing request
2023-10-12 16:51:03 [DEBUG] Timeout occurred while processing request
2024-03-16 16:51:03 [DEBUG] Error writing to file
2024-08-04 16:51:03 [WARNING] Memory allocation error
2024-04-13 16:51:03 [DEBUG] Error writing to file
2024-03-23 16:51:03 [WARNING] Timeout occurred while processing request
2024-06-29 16:51:03 [DEBUG] Failed to connect to the database
2024-07-02 16:51:03 [WARNING] Timeout occurred while processing request
2024-08-04 16:51:03 [DEBUG] User login successful
2023-11-07 16:51:03 [ERROR] Memory allocation error
2023-09-13 16:51:03 [INFO] Failed to connect to the database
2024-08-27 16:51:03 [ERROR] User logged out
2024-07-25 16:51:03 [WARNING] Timeout occurred while processing request
2024-02-16 16:51:03 [INFO] Timeout occurred while processing request
2024-03-29 16:51:03 [DEBUG] Disk space running low
2024-03-21 16:51:03 [INFO] User login successful
2024-01-20 16:51:03 [WARNING] Error writing to file
2024-04-24 16:51:03 [ERROR] Memory allocation error
2024-03-27 16:51:03 [DEBUG] User logged out
2023-10-04 16:51:03 [INFO] Error writing to file
2023-09-27 16:51:03 [WARNING] Disk space running low
2024-01-03 16:51:03 [DEBUG] Timeout occurred while processing request
2023-10-05 16:51:03 [ERROR] System started successfully
2024-08-27 16:51:03 [ERROR] Memory allocation error
2024-01-23 16:51:03 [WARNING] Failed to connect to the database
2024-02-28 16:51:03 [WARNING] System started successfully
2024-06-11 16:51:03 [INFO] Memory allocation error
2024-02-15 16:51:03 [DEBUG] System started successfully
2023-12-14 16:51:03 [INFO] User login successful
2024-08-04 16:51:03 [INFO] Error writing to file
2023-09-04 16:51:03 [WARNING] Error writing to file
2024-03-28 16:51:03 [DEBUG] User login successful
2023-08-31 16:51:03 [WARNING] System started successfully
2023-11-30 16:51:03 [DEBUG] User login successful
2024-04-22 16:51:03 [INFO] Memory allocation error
2024-09-29 16:51:03 [ERROR] Failed to connect to the database
2024-08-14 16:51:03 [DEBUG] Error writing to file
2024-01-22 16:51:03 [INFO] User logged out
2023-09-07 16:51:03 [DEBUG] Timeout occurred while processing request
2024-03-06 16:51:03 [DEBUG] Memory allocation error
2023-10-04 16:51:03 [WARNING] Timeout occurred while processing request
2024-08-27 16:51:03 [WARNING] Memory allocation error
2024-04-24 16:51:03 [INFO] Timeout occurred while processing request
2023-11-07 16:51:03 [INFO] Error writing to file
2024-04-17 16:51:03 [INFO] Memory allocation error
2023-10-03 16:51:03 [INFO] System started successfully
2024-06-04 16:51:03 [INFO] User logged out
2024-03-23 16:51:03 [INFO] System started successfully
2024-02-22 16:51:03 [WARNING] System started successfully
2024-08-29 16:51:03 [INFO] Memory allocation error
2024-01-19 16:51:03 [ERROR] Memory allocation error
2024-07-24 16:51:03 [INFO] System started successfully
2024-07-31 16:51:03 [WARNING] System started successfully
2024-05-01 16:51:03 [ERROR] Error writing to file
2023-11-28 16:51:03 [ERROR] Failed to connect to the database
2024-03-02 16:51:03 [INFO] Disk space running low
2024-02-25 16:51:03 [INFO] User logged out
2024-05-20 16:51:03 [DEBUG] Failed to connect to the database
2024-04-28 16:51:03 [DEBUG] User logged out
2024-09-29 16:51:03 [ERROR] User logged out
2024-02-12 16:51:03 [WARNING] Timeout occurred while processing request
2023-10-02 16:51:03 [ERROR] Memory allocation error
2024-03-02 16:51:03 [ERROR] User login successful
2023-10-29 16:51:03 [ERROR] Error writing to file
2023-10-20 16:51:03 [INFO] Failed to connect to the database
2024-08-07 16:51:03 [INFO] Disk space running low
2024-02-18 16:51:03 [DEBUG] Failed to connect to the database
2024-01-31 16:51:03 [WARNING] Failed to connect to the database
2024-06-03 16:51:03 [WARNING] Memory allocation error
2024-06-19 16:51:03 [DEBUG] User login successful
2024-03-23 16:51:03 [DEBUG] Disk space running low
2024-02-06 16:51:03 [INFO] Disk space running low
2023-12-17 16:51:03 [DEBUG] User logged out
2023-09-13 16:51:03 [DEBUG] User login successful
